0 verbose cli /usr/local/bin/node /usr/local/bin/npm
1 info using npm@11.8.0
2 info using node@v25.6.0
3 silly config load:file:/usr/local/lib/node_modules/npm/npmrc
4 silly config load:file:/Users/edwininganji/VSCodeProjects/cchis/frontend/.npmrc
5 silly config load:file:/Users/edwininganji/.npmrc
6 silly config load:file:/usr/local/etc/npmrc
7 verbose title npm install vite
8 verbose argv "install" "--save-dev" "vite" "--cache" ".npm-cache" "--legacy-peer-deps"
9 verbose logfile logs-max:10 dir:/Users/edwininganji/VSCodeProjects/cchis/frontend/.npm-cache/_logs/2026-04-21T20_32_14_842Z-
10 verbose logfile /Users/edwininganji/VSCodeProjects/cchis/frontend/.npm-cache/_logs/2026-04-21T20_32_14_842Z-debug-0.log
11 silly logfile done cleaning log files
12 silly packumentCache heap:2348810240 maxSize:587202560 maxEntrySize:293601280
13 silly idealTree buildDeps
14 silly fetch manifest vite@*
15 silly packumentCache full:https://registry.npmjs.org/vite cache-miss
16 http cache https://registry.npmjs.org/vite 121ms (cache hit)
17 silly packumentCache full:https://registry.npmjs.org/vite set size:38811285 disposed:false
18 silly placeDep ROOT vite@8.0.9 OK for: cchis-dashboard@0.1.0 want: *
19 silly fetch manifest picomatch@^4.0.4
20 silly packumentCache full:https://registry.npmjs.org/picomatch cache-miss
21 silly fetch manifest postcss@^8.5.10
22 silly packumentCache full:https://registry.npmjs.org/postcss cache-miss
23 http cache https://registry.npmjs.org/picomatch 18ms (cache hit)
24 silly packumentCache full:https://registry.npmjs.org/picomatch set size:126376 disposed:false
25 http cache https://registry.npmjs.org/postcss 20ms (cache hit)
26 silly packumentCache full:https://registry.npmjs.org/postcss set size:708244 disposed:false
27 silly placeDep node_modules/vite picomatch@4.0.4 OK for: vite@8.0.9 want: ^4.0.4
28 silly placeDep node_modules/vite postcss@8.5.10 OK for: vite@8.0.9 want: ^8.5.10
29 silly reify mark retired [
29 silly reify   '/Users/edwininganji/VSCodeProjects/cchis/frontend/node_modules/vitest/node_modules/postcss'
29 silly reify ]
30 silly reify mark retired [
30 silly reify   '/Users/edwininganji/VSCodeProjects/cchis/frontend/node_modules/vitest/node_modules/vite',
30 silly reify   '/Users/edwininganji/VSCodeProjects/cchis/frontend/node_modules/vitest/node_modules/.bin/vite'
30 silly reify ]
31 silly reify moves {
31 silly reify   '/Users/edwininganji/VSCodeProjects/cchis/frontend/node_modules/vitest/node_modules/postcss': '/Users/edwininganji/VSCodeProjects/cchis/frontend/node_modules/vitest/node_modules/.postcss-9jL4fGnu',
31 silly reify   '/Users/edwininganji/VSCodeProjects/cchis/frontend/node_modules/vitest/node_modules/vite': '/Users/edwininganji/VSCodeProjects/cchis/frontend/node_modules/vitest/node_modules/.vite-oMnjwv5T',
31 silly reify   '/Users/edwininganji/VSCodeProjects/cchis/frontend/node_modules/vitest/node_modules/.bin/vite': '/Users/edwininganji/VSCodeProjects/cchis/frontend/node_modules/vitest/node_modules/.bin/.vite-zmtnBx51'
31 silly reify }
32 silly audit bulk request {
32 silly audit   '@adobe/css-tools': [ '4.4.4' ],
32 silly audit   '@asamuzakjp/css-color': [ '5.1.11' ],
32 silly audit   '@asamuzakjp/dom-selector': [ '7.1.1' ],
32 silly audit   '@asamuzakjp/generational-cache': [ '1.0.1' ],
32 silly audit   '@asamuzakjp/nwsapi': [ '2.3.9' ],
32 silly audit   '@babel/runtime': [ '7.29.2' ],
32 silly audit   '@bramus/specificity': [ '2.4.2' ],
32 silly audit   '@csstools/color-helpers': [ '6.0.2' ],
32 silly audit   '@csstools/css-calc': [ '3.2.0' ],
32 silly audit   '@csstools/css-color-parser': [ '4.1.0' ],
32 silly audit   '@csstools/css-parser-algorithms': [ '4.0.0' ],
32 silly audit   '@csstools/css-syntax-patches-for-csstree': [ '1.1.3' ],
32 silly audit   '@csstools/css-tokenizer': [ '4.0.0' ],
32 silly audit   '@emnapi/core': [ '1.10.0', '1.9.2' ],
32 silly audit   '@emnapi/runtime': [ '1.10.0', '1.9.2' ],
32 silly audit   '@emnapi/wasi-threads': [ '1.2.1' ],
32 silly audit   '@eslint-community/eslint-utils': [ '4.9.1' ],
32 silly audit   'eslint-visitor-keys': [ '3.4.3', '5.0.1', '4.2.1' ],
32 silly audit   '@eslint-community/regexpp': [ '4.12.2' ],
32 silly audit   '@eslint/config-array': [ '0.18.0' ],
32 silly audit   '@eslint/core': [ '0.7.0', '0.13.0' ],
32 silly audit   '@eslint/eslintrc': [ '3.3.5' ],
32 silly audit   '@eslint/js': [ '9.14.0' ],
32 silly audit   '@eslint/object-schema': [ '2.1.7' ],
32 silly audit   '@eslint/plugin-kit': [ '0.2.8' ],
32 silly audit   '@exodus/bytes': [ '1.15.0' ],
32 silly audit   '@humanfs/core': [ '0.19.2' ],
32 silly audit   '@humanfs/node': [ '0.16.8' ],
32 silly audit   '@humanfs/types': [ '0.15.0' ],
32 silly audit   '@humanwhocodes/module-importer': [ '1.0.1' ],
32 silly audit   '@humanwhocodes/retry': [ '0.4.3' ],
32 silly audit   '@img/sharp-darwin-arm64': [ '0.33.5' ],
32 silly audit   '@img/sharp-darwin-x64': [ '0.33.5' ],
32 silly audit   '@img/sharp-libvips-darwin-arm64': [ '1.0.4' ],
32 silly audit   '@img/sharp-libvips-darwin-x64': [ '1.0.4' ],
32 silly audit   '@img/sharp-libvips-linux-arm': [ '1.0.5' ],
32 silly audit   '@img/sharp-libvips-linux-arm64': [ '1.0.4' ],
32 silly audit   '@img/sharp-libvips-linux-s390x': [ '1.0.4' ],
32 silly audit   '@img/sharp-libvips-linux-x64': [ '1.0.4' ],
32 silly audit   '@img/sharp-libvips-linuxmusl-arm64': [ '1.0.4' ],
32 silly audit   '@img/sharp-libvips-linuxmusl-x64': [ '1.0.4' ],
32 silly audit   '@img/sharp-linux-arm': [ '0.33.5' ],
32 silly audit   '@img/sharp-linux-arm64': [ '0.33.5' ],
32 silly audit   '@img/sharp-linux-s390x': [ '0.33.5' ],
32 silly audit   '@img/sharp-linux-x64': [ '0.33.5' ],
32 silly audit   '@img/sharp-linuxmusl-arm64': [ '0.33.5' ],
32 silly audit   '@img/sharp-linuxmusl-x64': [ '0.33.5' ],
32 silly audit   '@img/sharp-wasm32': [ '0.33.5' ],
32 silly audit   '@img/sharp-win32-ia32': [ '0.33.5' ],
32 silly audit   '@img/sharp-win32-x64': [ '0.33.5' ],
32 silly audit   '@jridgewell/sourcemap-codec': [ '1.5.5' ],
32 silly audit   '@napi-rs/wasm-runtime': [ '0.2.12', '1.1.4' ],
32 silly audit   '@next/env': [ '15.0.3' ],
32 silly audit   '@next/eslint-plugin-next': [ '15.0.3' ],
32 silly audit   '@next/swc-darwin-arm64': [ '15.0.3' ],
32 silly audit   '@next/swc-darwin-x64': [ '15.0.3' ],
32 silly audit   '@next/swc-linux-arm64-gnu': [ '15.0.3' ],
32 silly audit   '@next/swc-linux-arm64-musl': [ '15.0.3' ],
32 silly audit   '@next/swc-linux-x64-gnu': [ '15.0.3' ],
32 silly audit   '@next/swc-linux-x64-musl': [ '15.0.3' ],
32 silly audit   '@next/swc-win32-arm64-msvc': [ '15.0.3' ],
32 silly audit   '@next/swc-win32-x64-msvc': [ '15.0.3' ],
32 silly audit   '@nodelib/fs.scandir': [ '2.1.5' ],
32 silly audit   '@nodelib/fs.stat': [ '2.0.5' ],
32 silly audit   '@nodelib/fs.walk': [ '1.2.8' ],
32 silly audit   '@nolyfill/is-core-module': [ '1.0.39' ],
32 silly audit   '@oxc-project/types': [ '0.126.0' ],
32 silly audit   '@rolldown/binding-android-arm64': [ '1.0.0-rc.16' ],
32 silly audit   '@rolldown/binding-darwin-arm64': [ '1.0.0-rc.16' ],
32 silly audit   '@rolldown/binding-darwin-x64': [ '1.0.0-rc.16' ],
32 silly audit   '@rolldown/binding-freebsd-x64': [ '1.0.0-rc.16' ],
32 silly audit   '@rolldown/binding-linux-arm-gnueabihf': [ '1.0.0-rc.16' ],
32 silly audit   '@rolldown/binding-linux-arm64-gnu': [ '1.0.0-rc.16' ],
32 silly audit   '@rolldown/binding-linux-arm64-musl': [ '1.0.0-rc.16' ],
32 silly audit   '@rolldown/binding-linux-ppc64-gnu': [ '1.0.0-rc.16' ],
32 silly audit   '@rolldown/binding-linux-s390x-gnu': [ '1.0.0-rc.16' ],
32 silly audit   '@rolldown/binding-linux-x64-gnu': [ '1.0.0-rc.16' ],
32 silly audit   '@rolldown/binding-linux-x64-musl': [ '1.0.0-rc.16' ],
32 silly audit   '@rolldown/binding-openharmony-arm64': [ '1.0.0-rc.16' ],
32 silly audit   '@rolldown/binding-wasm32-wasi': [ '1.0.0-rc.16' ],
32 silly audit   '@rolldown/binding-win32-arm64-msvc': [ '1.0.0-rc.16' ],
32 silly audit   '@rolldown/binding-win32-x64-msvc': [ '1.0.0-rc.16' ],
32 silly audit   '@rolldown/pluginutils': [ '1.0.0-rc.16', '1.0.0-rc.7' ],
32 silly audit   '@rtsao/scc': [ '1.1.0' ],
32 silly audit   '@rushstack/eslint-patch': [ '1.16.1' ],
32 silly audit   '@standard-schema/spec': [ '1.1.0' ],
32 silly audit   '@swc/counter': [ '0.1.3' ],
32 silly audit   '@swc/helpers': [ '0.5.13' ],
32 silly audit   '@testing-library/jest-dom': [ '6.9.1' ],
32 silly audit   'dom-accessibility-api': [ '0.6.3' ],
32 silly audit   '@testing-library/react': [ '16.3.2' ],
32 silly audit   '@testing-library/user-event': [ '14.6.1' ],
32 silly audit   '@tybys/wasm-util': [ '0.10.1' ],
32 silly audit   '@types/chai': [ '5.2.3' ],
32 silly audit   '@types/deep-eql': [ '4.0.2' ],
32 silly audit   '@types/estree': [ '1.0.8' ],
32 silly audit   '@types/json-schema': [ '7.0.15' ],
32 silly audit   '@types/json5': [ '0.0.29' ],
32 silly audit   '@types/node': [ '22.9.0' ],
32 silly audit   '@types/prop-types': [ '15.7.15' ],
32 silly audit   '@types/react': [ '18.3.12' ],
32 silly audit   '@types/react-dom': [ '18.3.1' ],
32 silly audit   '@typescript-eslint/eslint-plugin': [ '8.59.0' ],
32 silly audit   ignore: [ '7.0.5', '5.3.2' ],
32 silly audit   '@typescript-eslint/parser': [ '8.59.0' ],
32 silly audit   '@typescript-eslint/project-service': [ '8.59.0' ],
32 silly audit   '@typescript-eslint/scope-manager': [ '8.59.0' ],
32 silly audit   '@typescript-eslint/tsconfig-utils': [ '8.59.0' ],
32 silly audit   '@typescript-eslint/type-utils': [ '8.59.0' ],
32 silly audit   '@typescript-eslint/types': [ '8.59.0' ],
32 silly audit   '@typescript-eslint/typescript-estree': [ '8.59.0' ],
32 silly audit   'balanced-match': [ '4.0.4', '1.0.2' ],
32 silly audit   'brace-expansion': [ '5.0.5', '1.1.14' ],
32 silly audit   minimatch: [ '10.2.5', '3.1.5' ],
32 silly audit   '@typescript-eslint/utils': [ '8.59.0' ],
32 silly audit   '@typescript-eslint/visitor-keys': [ '8.59.0' ],
32 silly audit   '@unrs/resolver-binding-android-arm-eabi': [ '1.11.1' ],
32 silly audit   '@unrs/resolver-binding-android-arm64': [ '1.11.1' ],
32 silly audit   '@unrs/resolver-binding-darwin-arm64': [ '1.11.1' ],
32 silly audit   '@unrs/resolver-binding-darwin-x64': [ '1.11.1' ],
32 silly audit   '@unrs/resolver-binding-freebsd-x64': [ '1.11.1' ],
32 silly audit   '@unrs/resolver-binding-linux-arm-gnueabihf': [ '1.11.1' ],
32 silly audit   '@unrs/resolver-binding-linux-arm-musleabihf': [ '1.11.1' ],
32 silly audit   '@unrs/resolver-binding-linux-arm64-gnu': [ '1.11.1' ],
32 silly audit   '@unrs/resolver-binding-linux-arm64-musl': [ '1.11.1' ],
32 silly audit   '@unrs/resolver-binding-linux-ppc64-gnu': [ '1.11.1' ],
32 silly audit   '@unrs/resolver-binding-linux-riscv64-gnu': [ '1.11.1' ],
32 silly audit   '@unrs/resolver-binding-linux-riscv64-musl': [ '1.11.1' ],
32 silly audit   '@unrs/resolver-binding-linux-s390x-gnu': [ '1.11.1' ],
32 silly audit   '@unrs/resolver-binding-linux-x64-gnu': [ '1.11.1' ],
32 silly audit   '@unrs/resolver-binding-linux-x64-musl': [ '1.11.1' ],
32 silly audit   '@unrs/resolver-binding-wasm32-wasi': [ '1.11.1' ],
32 silly audit   '@unrs/resolver-binding-win32-arm64-msvc': [ '1.11.1' ],
32 silly audit   '@unrs/resolver-binding-win32-ia32-msvc': [ '1.11.1' ],
32 silly audit   '@unrs/resolver-binding-win32-x64-msvc': [ '1.11.1' ],
32 silly audit   '@vitejs/plugin-react': [ '6.0.1' ],
32 silly audit   '@vitest/expect': [ '4.1.5' ],
32 silly audit   '@vitest/pretty-format': [ '4.1.5' ],
32 silly audit   '@vitest/runner': [ '4.1.5' ],
32 silly audit   '@vitest/snapshot': [ '4.1.5' ],
32 silly audit   '@vitest/spy': [ '4.1.5' ],
32 silly audit   '@vitest/utils': [ '4.1.5' ],
32 silly audit   acorn: [ '8.16.0' ],
32 silly audit   'acorn-jsx': [ '5.3.2' ],
32 silly audit   ajv: [ '6.14.0' ],
32 silly audit   'ansi-styles': [ '4.3.0' ],
32 silly audit   argparse: [ '2.0.1' ],
32 silly audit   'aria-query': [ '5.3.2' ],
32 silly audit   'array-buffer-byte-length': [ '1.0.2' ],
32 silly audit   'array-includes': [ '3.1.9' ],
32 silly audit   'array.prototype.findlast': [ '1.2.5' ],
32 silly audit   'array.prototype.findlastindex': [ '1.2.6' ],
32 silly audit   'array.prototype.flat': [ '1.3.3' ],
32 silly audit   'array.prototype.flatmap': [ '1.3.3' ],
32 silly audit   'array.prototype.tosorted': [ '1.1.4' ],
32 silly audit   'arraybuffer.prototype.slice': [ '1.0.4' ],
32 silly audit   'assertion-error': [ '2.0.1' ],
32 silly audit   'ast-types-flow': [ '0.0.8' ],
32 silly audit   'async-function': [ '1.0.0' ],
32 silly audit   'available-typed-arrays': [ '1.0.7' ],
32 silly audit   'axe-core': [ '4.11.3' ],
32 silly audit   'axobject-query': [ '4.1.0' ],
32 silly audit   'bidi-js': [ '1.0.3' ],
32 silly audit   braces: [ '3.0.3' ],
32 silly audit   busboy: [ '1.6.0' ],
32 silly audit   'call-bind': [ '1.0.9' ],
32 silly audit   'call-bind-apply-helpers': [ '1.0.2' ],
32 silly audit   'call-bound': [ '1.0.4' ],
32 silly audit   callsites: [ '3.1.0' ],
32 silly audit   'caniuse-lite': [ '1.0.30001788' ],
32 silly audit   chai: [ '6.2.2' ],
32 silly audit   chalk: [ '4.1.2' ],
32 silly audit   'client-only': [ '0.0.1' ],
32 silly audit   color: [ '4.2.3' ],
32 silly audit   'color-convert': [ '2.0.1' ],
32 silly audit   'color-name': [ '1.1.4' ],
32 silly audit   'color-string': [ '1.9.1' ],
32 silly audit   'concat-map': [ '0.0.1' ],
32 silly audit   'convert-source-map': [ '2.0.0' ],
32 silly audit   'cross-spawn': [ '7.0.6' ],
32 silly audit   'css-tree': [ '3.2.1' ],
32 silly audit   'css.escape': [ '1.5.1' ],
32 silly audit   csstype: [ '3.2.3' ],
32 silly audit   'damerau-levenshtein': [ '1.0.8' ],
32 silly audit   'data-urls': [ '7.0.0' ],
32 silly audit   'data-view-buffer': [ '1.0.2' ],
32 silly audit   'data-view-byte-length': [ '1.0.2' ],
32 silly audit   'data-view-byte-offset': [ '1.0.1' ],
32 silly audit   debug: [ '4.4.3', '3.2.7' ],
32 silly audit   'decimal.js': [ '10.6.0' ],
32 silly audit   'deep-is': [ '0.1.4' ],
32 silly audit   'define-data-property': [ '1.1.4' ],
32 silly audit   'define-properties': [ '1.2.1' ],
32 silly audit   'detect-libc': [ '2.1.2' ],
32 silly audit   doctrine: [ '2.1.0' ],
32 silly audit   'dunder-proto': [ '1.0.1' ],
32 silly audit   'emoji-regex': [ '9.2.2' ],
32 silly audit   entities: [ '8.0.0' ],
32 silly audit   'es-abstract': [ '1.24.2' ],
32 silly audit   'es-define-property': [ '1.0.1' ],
32 silly audit   'es-errors': [ '1.3.0' ],
32 silly audit   'es-iterator-helpers': [ '1.3.2' ],
32 silly audit   'es-module-lexer': [ '2.0.0' ],
32 silly audit   'es-object-atoms': [ '1.1.1' ],
32 silly audit   'es-set-tostringtag': [ '2.1.0' ],
32 silly audit   'es-shim-unscopables': [ '1.1.0' ],
32 silly audit   'es-to-primitive': [ '1.3.0' ],
32 silly audit   'escape-string-regexp': [ '4.0.0' ],
32 silly audit   eslint: [ '9.14.0' ],
32 silly audit   'eslint-config-next': [ '15.0.3' ],
32 silly audit   'eslint-import-resolver-node': [ '0.3.10' ],
32 silly audit   'eslint-import-resolver-typescript': [ '3.10.1' ],
32 silly audit   'eslint-module-utils': [ '2.12.1' ],
32 silly audit   'eslint-plugin-import': [ '2.32.0' ],
32 silly audit   semver: [ '6.3.1', '7.7.4' ],
32 silly audit   'eslint-plugin-jsx-a11y': [ '6.10.2' ],
32 silly audit   'eslint-plugin-react': [ '7.37.5' ],
32 silly audit   'eslint-plugin-react-hooks': [ '5.2.0' ],
32 silly audit   'eslint-scope': [ '8.4.0' ],
32 silly audit   espree: [ '10.4.0' ],
32 silly audit   esquery: [ '1.7.0' ],
32 silly audit   esrecurse: [ '4.3.0' ],
32 silly audit   estraverse: [ '5.3.0' ],
32 silly audit   'estree-walker': [ '3.0.3' ],
32 silly audit   esutils: [ '2.0.3' ],
32 silly audit   'expect-type': [ '1.3.0' ],
32 silly audit   'fast-deep-equal': [ '3.1.3' ],
32 silly audit   'fast-glob': [ '3.3.1' ],
32 silly audit   'glob-parent': [ '5.1.2', '6.0.2' ],
32 silly audit   'fast-json-stable-stringify': [ '2.1.0' ],
32 silly audit   'fast-levenshtein': [ '2.0.6' ],
32 silly audit   fastq: [ '1.20.1' ],
32 silly audit   'file-entry-cache': [ '8.0.0' ],
32 silly audit   'fill-range': [ '7.1.1' ],
32 silly audit   'find-up': [ '5.0.0' ],
32 silly audit   'flat-cache': [ '4.0.1' ],
32 silly audit   flatted: [ '3.4.2' ],
32 silly audit   'for-each': [ '0.3.5' ],
32 silly audit   fsevents: [ '2.3.3' ],
32 silly audit   'function-bind': [ '1.1.2' ],
32 silly audit   'function.prototype.name': [ '1.1.8' ],
32 silly audit   'functions-have-names': [ '1.2.3' ],
32 silly audit   'generator-function': [ '2.0.1' ],
32 silly audit   'get-intrinsic': [ '1.3.0' ],
32 silly audit   'get-proto': [ '1.0.1' ],
32 silly audit   'get-symbol-description': [ '1.1.0' ],
32 silly audit   'get-tsconfig': [ '4.14.0' ],
32 silly audit   globals: [ '14.0.0' ],
32 silly audit   globalthis: [ '1.0.4' ],
32 silly audit   gopd: [ '1.2.0' ],
32 silly audit   'has-bigints': [ '1.1.0' ],
32 silly audit   'has-flag': [ '4.0.0' ],
32 silly audit   'has-property-descriptors': [ '1.0.2' ],
32 silly audit   'has-proto': [ '1.2.0' ],
32 silly audit   'has-symbols': [ '1.1.0' ],
32 silly audit   'has-tostringtag': [ '1.0.2' ],
32 silly audit   hasown: [ '2.0.3' ],
32 silly audit   'html-encoding-sniffer': [ '6.0.0' ],
32 silly audit   'import-fresh': [ '3.3.1' ],
32 silly audit   imurmurhash: [ '0.1.4' ],
32 silly audit   'indent-string': [ '4.0.0' ],
32 silly audit   'internal-slot': [ '1.1.0' ],
32 silly audit   'is-array-buffer': [ '3.0.5' ],
32 silly audit   'is-arrayish': [ '0.3.4' ],
32 silly audit   'is-async-function': [ '2.1.1' ],
32 silly audit   'is-bigint': [ '1.1.0' ],
32 silly audit   'is-boolean-object': [ '1.2.2' ],
32 silly audit   'is-bun-module': [ '2.0.0' ],
32 silly audit   'is-callable': [ '1.2.7' ],
32 silly audit   'is-core-module': [ '2.16.1' ],
32 silly audit   'is-data-view': [ '1.0.2' ],
32 silly audit   'is-date-object': [ '1.1.0' ],
32 silly audit   'is-extglob': [ '2.1.1' ],
32 silly audit   'is-finalizationregistry': [ '1.1.1' ],
32 silly audit   'is-generator-function': [ '1.1.2' ],
32 silly audit   'is-glob': [ '4.0.3' ],
32 silly audit   'is-map': [ '2.0.3' ],
32 silly audit   'is-negative-zero': [ '2.0.3' ],
32 silly audit   'is-number': [ '7.0.0' ],
32 silly audit   'is-number-object': [ '1.1.1' ],
32 silly audit   'is-potential-custom-element-name': [ '1.0.1' ],
32 silly audit   'is-regex': [ '1.2.1' ],
32 silly audit   'is-set': [ '2.0.3' ],
32 silly audit   'is-shared-array-buffer': [ '1.0.4' ],
32 silly audit   'is-string': [ '1.1.1' ],
32 silly audit   'is-symbol': [ '1.1.1' ],
32 silly audit   'is-typed-array': [ '1.1.15' ],
32 silly audit   'is-weakmap': [ '2.0.2' ],
32 silly audit   'is-weakref': [ '1.1.1' ],
32 silly audit   'is-weakset': [ '2.0.4' ],
32 silly audit   isarray: [ '2.0.5' ],
32 silly audit   isexe: [ '2.0.0' ],
32 silly audit   'iterator.prototype': [ '1.1.5' ],
32 silly audit   'js-tokens': [ '4.0.0' ],
32 silly audit   'js-yaml': [ '4.1.1' ],
32 silly audit   jsdom: [ '29.0.2' ],
32 silly audit   'json-buffer': [ '3.0.1' ],
32 silly audit   'json-schema-traverse': [ '0.4.1' ],
32 silly audit   'json-stable-stringify-without-jsonify': [ '1.0.1' ],
32 silly audit   json5: [ '1.0.2' ],
32 silly audit   'jsx-ast-utils': [ '3.3.5' ],
32 silly audit   keyv: [ '4.5.4' ],
32 silly audit   'language-subtag-registry': [ '0.3.23' ],
32 silly audit   'language-tags': [ '1.0.9' ],
32 silly audit   levn: [ '0.4.1' ],
32 silly audit   lightningcss: [ '1.32.0' ],
32 silly audit   'lightningcss-android-arm64': [ '1.32.0' ],
32 silly audit   'lightningcss-darwin-arm64': [ '1.32.0' ],
32 silly audit   'lightningcss-darwin-x64': [ '1.32.0' ],
32 silly audit   'lightningcss-freebsd-x64': [ '1.32.0' ],
32 silly audit   'lightningcss-linux-arm-gnueabihf': [ '1.32.0' ],
32 silly audit   'lightningcss-linux-arm64-gnu': [ '1.32.0' ],
32 silly audit   'lightningcss-linux-arm64-musl': [ '1.32.0' ],
32 silly audit   'lightningcss-linux-x64-gnu': [ '1.32.0' ],
32 silly audit   'lightningcss-linux-x64-musl': [ '1.32.0' ],
32 silly audit   'lightningcss-win32-arm64-msvc': [ '1.32.0' ],
32 silly audit   'lightningcss-win32-x64-msvc': [ '1.32.0' ],
32 silly audit   'locate-path': [ '6.0.0' ],
32 silly audit   'lodash.merge': [ '4.6.2' ],
32 silly audit   'loose-envify': [ '1.4.0' ],
32 silly audit   'lru-cache': [ '11.3.5' ],
32 silly audit   'lucide-react': [ '0.462.0' ],
32 silly audit   'magic-string': [ '0.30.21' ],
32 silly audit   'math-intrinsics': [ '1.1.0' ],
32 silly audit   'mdn-data': [ '2.27.1' ],
32 silly audit   merge2: [ '1.4.1' ],
32 silly audit   micromatch: [ '4.0.8' ],
32 silly audit   'min-indent': [ '1.0.1' ],
32 silly audit   minimist: [ '1.2.8' ],
32 silly audit   ms: [ '2.1.3' ],
32 silly audit   nanoid: [ '3.3.11' ],
32 silly audit   'napi-postinstall': [ '0.3.4' ],
32 silly audit   'natural-compare': [ '1.4.0' ],
32 silly audit   next: [ '15.0.3' ],
32 silly audit   'node-exports-info': [ '1.6.0' ],
32 silly audit   'object-assign': [ '4.1.1' ],
32 silly audit   'object-inspect': [ '1.13.4' ],
32 silly audit   'object-keys': [ '1.1.1' ],
32 silly audit   'object.assign': [ '4.1.7' ],
32 silly audit   'object.entries': [ '1.1.9' ],
32 silly audit   'object.fromentries': [ '2.0.8' ],
32 silly audit   'object.groupby': [ '1.0.3' ],
32 silly audit   'object.values': [ '1.2.1' ],
32 silly audit   obug: [ '2.1.1' ],
32 silly audit   optionator: [ '0.9.4' ],
32 silly audit   'own-keys': [ '1.0.1' ],
32 silly audit   'p-limit': [ '3.1.0' ],
32 silly audit   'p-locate': [ '5.0.0' ],
32 silly audit   'parent-module': [ '1.0.1' ],
32 silly audit   parse5: [ '8.0.1' ],
32 silly audit   'path-exists': [ '4.0.0' ],
32 silly audit   'path-key': [ '3.1.1' ],
32 silly audit   'path-parse': [ '1.0.7' ],
32 silly audit   pathe: [ '2.0.3' ],
32 silly audit   picocolors: [ '1.1.1' ],
32 silly audit   picomatch: [ '2.3.2', '4.0.4' ],
32 silly audit   'possible-typed-array-names': [ '1.1.0' ],
32 silly audit   postcss: [ '8.4.31', '8.5.10' ],
32 silly audit   'prelude-ls': [ '1.2.1' ],
32 silly audit   'prop-types': [ '15.8.1' ],
32 silly audit   punycode: [ '2.3.1' ],
32 silly audit   'queue-microtask': [ '1.2.3' ],
32 silly audit   react: [ '18.3.1' ],
32 silly audit   'react-dom': [ '18.3.1' ],
32 silly audit   'react-is': [ '16.13.1' ],
32 silly audit   redent: [ '3.0.0' ],
32 silly audit   'reflect.getprototypeof': [ '1.0.10' ],
32 silly audit   'regexp.prototype.flags': [ '1.5.4' ],
32 silly audit   'require-from-string': [ '2.0.2' ],
32 silly audit   resolve: [ '2.0.0-next.6' ],
32 silly audit   'resolve-from': [ '4.0.0' ],
32 silly audit   'resolve-pkg-maps': [ '1.0.0' ],
32 silly audit   reusify: [ '1.1.0' ],
32 silly audit   rolldown: [ '1.0.0-rc.16' ],
32 silly audit   'run-parallel': [ '1.2.0' ],
32 silly audit   'safe-array-concat': [ '1.1.4' ],
32 silly audit   'safe-push-apply': [ '1.0.0' ],
32 silly audit   'safe-regex-test': [ '1.1.0' ],
32 silly audit   saxes: [ '6.0.0' ],
32 silly audit   scheduler: [ '0.23.2' ],
32 silly audit   'set-function-length': [ '1.2.2' ],
32 silly audit   'set-function-name': [ '2.0.2' ],
32 silly audit   'set-proto': [ '1.0.0' ],
32 silly audit   sharp: [ '0.33.5' ],
32 silly audit   'shebang-command': [ '2.0.0' ],
32 silly audit   'shebang-regex': [ '3.0.0' ],
32 silly audit   'side-channel': [ '1.1.0' ],
32 silly audit   'side-channel-list': [ '1.0.1' ],
32 silly audit   'side-channel-map': [ '1.0.1' ],
32 silly audit   'side-channel-weakmap': [ '1.0.2' ],
32 silly audit   siginfo: [ '2.0.0' ],
32 silly audit   'simple-swizzle': [ '0.2.4' ],
32 silly audit   'source-map-js': [ '1.2.1' ],
32 silly audit   'stable-hash': [ '0.0.5' ],
32 silly audit   stackback: [ '0.0.2' ],
32 silly audit   'std-env': [ '4.1.0' ],
32 silly audit   'stop-iteration-iterator': [ '1.1.0' ],
32 silly audit   streamsearch: [ '1.1.0' ],
32 silly audit   'string.prototype.includes': [ '2.0.1' ],
32 silly audit   'string.prototype.matchall': [ '4.0.12' ],
32 silly audit   'string.prototype.repeat': [ '1.0.0' ],
32 silly audit   'string.prototype.trim': [ '1.2.10' ],
32 silly audit   'string.prototype.trimend': [ '1.0.9' ],
32 silly audit   'string.prototype.trimstart': [ '1.0.8' ],
32 silly audit   'strip-bom': [ '3.0.0' ],
32 silly audit   'strip-indent': [ '3.0.0' ],
32 silly audit   'strip-json-comments': [ '3.1.1' ],
32 silly audit   'styled-jsx': [ '5.1.6' ],
32 silly audit   'supports-color': [ '7.2.0' ],
32 silly audit   'supports-preserve-symlinks-flag': [ '1.0.0' ],
32 silly audit   'symbol-tree': [ '3.2.4' ],
32 silly audit   'text-table': [ '0.2.0' ],
32 silly audit   tinybench: [ '2.9.0' ],
32 silly audit   tinyexec: [ '1.1.1' ],
32 silly audit   tinyglobby: [ '0.2.16' ],
32 silly audit   fdir: [ '6.5.0' ],
32 silly audit   tinyrainbow: [ '3.1.0' ],
32 silly audit   tldts: [ '7.0.28' ],
32 silly audit   'tldts-core': [ '7.0.28' ],
32 silly audit   'to-regex-range': [ '5.0.1' ],
32 silly audit   'tough-cookie': [ '6.0.1' ],
32 silly audit   tr46: [ '6.0.0' ],
32 silly audit   'ts-api-utils': [ '2.5.0' ],
32 silly audit   'tsconfig-paths': [ '3.15.0' ],
32 silly audit   tslib: [ '2.8.1' ],
32 silly audit   'type-check': [ '0.4.0' ],
32 silly audit   'typed-array-buffer': [ '1.0.3' ],
32 silly audit   'typed-array-byte-length': [ '1.0.3' ],
32 silly audit   'typed-array-byte-offset': [ '1.0.4' ],
32 silly audit   'typed-array-length': [ '1.0.7' ],
32 silly audit   typescript: [ '5.6.3' ],
32 silly audit   'unbox-primitive': [ '1.1.0' ],
32 silly audit   undici: [ '7.25.0' ],
32 silly audit   'undici-types': [ '6.19.8' ],
32 silly audit   'unrs-resolver': [ '1.11.1' ],
32 silly audit   'uri-js': [ '4.4.1' ],
32 silly audit   vitest: [ '4.1.5' ],
32 silly audit   '@vitest/mocker': [ '4.1.5' ],
32 silly audit   vite: [ '8.0.9' ],
32 silly audit   'w3c-xmlserializer': [ '5.0.0' ],
32 silly audit   'webidl-conversions': [ '8.0.1' ],
32 silly audit   'whatwg-mimetype': [ '5.0.0' ],
32 silly audit   'whatwg-url': [ '16.0.1' ],
32 silly audit   which: [ '2.0.2' ],
32 silly audit   'which-boxed-primitive': [ '1.1.1' ],
32 silly audit   'which-builtin-type': [ '1.2.1' ],
32 silly audit   'which-collection': [ '1.0.2' ],
32 silly audit   'which-typed-array': [ '1.1.20' ],
32 silly audit   'why-is-node-running': [ '2.3.0' ],
32 silly audit   'word-wrap': [ '1.2.5' ],
32 silly audit   'xml-name-validator': [ '5.0.0' ],
32 silly audit   xmlchars: [ '2.2.0' ],
32 silly audit   'yocto-queue': [ '0.1.0' ]
32 silly audit }
33 http cache vite@https://registry.npmjs.org/vite/-/vite-8.0.9.tgz 0ms (cache hit)
34 http cache postcss@https://registry.npmjs.org/postcss/-/postcss-8.5.10.tgz 0ms (cache hit)
35 http cache picomatch@https://registry.npmjs.org/picomatch/-/picomatch-4.0.4.tgz 0ms (cache hit)
36 http fetch POST 200 https://registry.npmjs.org/-/npm/v1/security/advisories/bulk 932ms
37 silly audit report {
37 silly audit report   '@eslint/plugin-kit': [
37 silly audit report     {
37 silly audit report       id: 1106734,
37 silly audit report       url: 'https://github.com/advisories/GHSA-xffm-g5w8-qvg7',
37 silly audit report       title: '@eslint/plugin-kit is vulnerable to Regular Expression Denial of Service attacks through ConfigCommentParser',
37 silly audit report       severity: 'low',
37 silly audit report       vulnerable_versions: '<0.3.4',
37 silly audit report       cwe: [Array],
37 silly audit report       cvss: [Object]
37 silly audit report     }
37 silly audit report   ],
37 silly audit report   next: [
37 silly audit report     {
37 silly audit report       id: 1101437,
37 silly audit report       url: 'https://github.com/advisories/GHSA-7m27-7ghc-44w9',
37 silly audit report       title: 'Next.js Allows a Denial of Service (DoS) with Server Actions',
37 silly audit report       severity: 'moderate',
37 silly audit report       vulnerable_versions: '>=15.0.0 <15.1.2',
37 silly audit report       cwe: [Array],
37 silly audit report       cvss: [Object]
37 silly audit report     },
37 silly audit report     {
37 silly audit report       id: 1105462,
37 silly audit report       url: 'https://github.com/advisories/GHSA-3h52-269p-cp9r',
37 silly audit report       title: 'Information exposure in Next.js dev server due to lack of origin verification',
37 silly audit report       severity: 'low',
37 silly audit report       vulnerable_versions: '>=15.0.0 <15.2.2',
37 silly audit report       cwe: [Array],
37 silly audit report       cvss: [Object]
37 silly audit report     },
37 silly audit report     {
37 silly audit report       id: 1111372,
37 silly audit report       url: 'https://github.com/advisories/GHSA-9qr9-h5gf-34mp',
37 silly audit report       title: 'Next.js is vulnerable to RCE in React flight protocol',
37 silly audit report       severity: 'critical',
37 silly audit report       vulnerable_versions: '>=14.3.0-canary.77 <15.0.5',
37 silly audit report       cwe: [Array],
37 silly audit report       cvss: [Object]
37 silly audit report     },
37 silly audit report     {
37 silly audit report       id: 1111381,
37 silly audit report       url: 'https://github.com/advisories/GHSA-w37m-7fhw-fmv9',
37 silly audit report       title: 'Next Server Actions Source Code Exposure ',
37 silly audit report       severity: 'moderate',
37 silly audit report       vulnerable_versions: '>=15.0.0-canary.0 <15.0.6',
37 silly audit report       cwe: [Array],
37 silly audit report       cvss: [Object]
37 silly audit report     },
37 silly audit report     {
37 silly audit report       id: 1111390,
37 silly audit report       url: 'https://github.com/advisories/GHSA-mwv6-3258-q52c',
37 silly audit report       title: 'Next Vulnerable to Denial of Service with Server Components',
37 silly audit report       severity: 'high',
37 silly audit report       vulnerable_versions: '>=15.0.0-canary.0 <15.0.6',
37 silly audit report       cwe: [Array],
37 silly audit report       cvss: [Object]
37 silly audit report     },
37 silly audit report     {
37 silly audit report       id: 1107228,
37 silly audit report       url: 'https://github.com/advisories/GHSA-g5qg-72qw-gw5v',
37 silly audit report       title: 'Next.js Affected by Cache Key Confusion for Image Optimization API Routes',
37 silly audit report       severity: 'moderate',
37 silly audit report       vulnerable_versions: '>=15.0.0 <=15.4.4',
37 silly audit report       cwe: [Array],
37 silly audit report       cvss: [Object]
37 silly audit report     },
37 silly audit report     {
37 silly audit report       id: 1107514,
37 silly audit report       url: 'https://github.com/advisories/GHSA-xv57-4mr9-wg8v',
37 silly audit report       title: 'Next.js Content Injection Vulnerability for Image Optimization',
37 silly audit report       severity: 'moderate',
37 silly audit report       vulnerable_versions: '>=15.0.0 <=15.4.4',
37 silly audit report       cwe: [Array],
37 silly audit report       cvss: [Object]
37 silly audit report     },
37 silly audit report     {
37 silly audit report       id: 1107515,
37 silly audit report       url: 'https://github.com/advisories/GHSA-4342-x723-ch2f',
37 silly audit report       title: 'Next.js Improper Middleware Redirect Handling Leads to SSRF',
37 silly audit report       severity: 'moderate',
37 silly audit report       vulnerable_versions: '>=15.0.0-canary.0 <15.4.7',
37 silly audit report       cwe: [Array],
37 silly audit report       cvss: [Object]
37 silly audit report     },
37 silly audit report     {
37 silly audit report       id: 1108410,
37 silly audit report       url: 'https://github.com/advisories/GHSA-qpjv-v59x-3qc4',
37 silly audit report       title: 'Next.js Race Condition to Cache Poisoning',
37 silly audit report       severity: 'low',
37 silly audit report       vulnerable_versions: '>=15.0.0 <15.1.6',
37 silly audit report       cwe: [Array],
37 silly audit report       cvss: [Object]
37 silly audit report     },
37 silly audit report     {
37 silly audit report       id: 1112593,
37 silly audit report       url: 'https://github.com/advisories/GHSA-9g9p-9gw9-jx7f',
37 silly audit report       title: 'Next.js self-hosted applications vulnerable to DoS via Image Optimizer remotePatterns configuration',
37 silly audit report       severity: 'moderate',
37 silly audit report       vulnerable_versions: '>=10.0.0 <15.5.10',
37 silly audit report       cwe: [Array],
37 silly audit report       cvss: [Object]
37 silly audit report     },
37 silly audit report     {
37 silly audit report       id: 1112653,
37 silly audit report       url: 'https://github.com/advisories/GHSA-h25m-26qc-wcjf',
37 silly audit report       title: 'Next.js HTTP request deserialization can lead to DoS when using insecure React Server Components',
37 silly audit report       severity: 'high',
37 silly audit report       vulnerable_versions: '>=13.0.0 <15.0.8',
37 silly audit report       cwe: [Array],
37 silly audit report       cvss: [Object]
37 silly audit report     },
37 silly audit report     {
37 silly audit report       id: 1113688,
37 silly audit report       url: 'https://github.com/advisories/GHSA-f82v-jwr5-mffw',
37 silly audit report       title: 'Authorization Bypass in Next.js Middleware',
37 silly audit report       severity: 'critical',
37 silly audit report       vulnerable_versions: '>=15.0.0 <15.2.3',
37 silly audit report       cwe: [Array],
37 silly audit report       cvss: [Object]
37 silly audit report     },
37 silly audit report     {
37 silly audit report       id: 1114897,
37 silly audit report       url: 'https://github.com/advisories/GHSA-ggv3-7p47-pfv8',
37 silly audit report       title: 'Next.js: HTTP request smuggling in rewrites',
37 silly audit report       severity: 'moderate',
37 silly audit report       vulnerable_versions: '>=9.5.0 <15.5.13',
37 silly audit report       cwe: [Array],
37 silly audit report       cvss: [Object]
37 silly audit report     },
37 silly audit report     {
37 silly audit report       id: 1114940,
37 silly audit report       url: 'https://github.com/advisories/GHSA-3x4c-7xq6-9pq8',
37 silly audit report       title: 'Next.js: Unbounded next/image disk cache growth can exhaust storage',
37 silly audit report       severity: 'moderate',
37 silly audit report       vulnerable_versions: '>=10.0.0 <15.5.14',
37 silly audit report       cwe: [Array],
37 silly audit report       cvss: [Object]
37 silly audit report     },
37 silly audit report     {
37 silly audit report       id: 1116376,
37 silly audit report       url: 'https://github.com/advisories/GHSA-q4gf-8mx6-v5v3',
37 silly audit report       title: 'Next.js has a Denial of Service with Server Components',
37 silly audit report       severity: 'high',
37 silly audit report       vulnerable_versions: '>=13.0.0 <15.5.15',
37 silly audit report       cwe: [Array],
37 silly audit report       cvss: [Object]
37 silly audit report     }
37 silly audit report   ]
37 silly audit report }
38 silly packumentCache corgi:https://registry.npmjs.org/@eslint%2fplugin-kit cache-miss
39 silly packumentCache corgi:https://registry.npmjs.org/next cache-miss
40 http cache https://registry.npmjs.org/@eslint%2fplugin-kit 32ms (cache hit)
41 silly packumentCache corgi:https://registry.npmjs.org/@eslint%2fplugin-kit set size:20831 disposed:false
42 http cache https://registry.npmjs.org/next 64ms (cache hit)
43 silly packumentCache corgi:https://registry.npmjs.org/next set size:24786150 disposed:false
44 silly packumentCache corgi:https://registry.npmjs.org/eslint cache-miss
45 http cache https://registry.npmjs.org/eslint 6ms (cache hit)
46 silly packumentCache corgi:https://registry.npmjs.org/eslint set size:1151184 disposed:false
47 silly ADD node_modules/vite
48 silly ADD node_modules/vite/node_modules/postcss
49 silly ADD node_modules/vite/node_modules/picomatch
50 silly REMOVE node_modules/vitest/node_modules/vite
51 silly REMOVE node_modules/vitest/node_modules/postcss
52 verbose cwd /Users/edwininganji/VSCodeProjects/cchis/frontend
53 verbose os Darwin 25.3.0
54 verbose node v25.6.0
55 verbose npm  v11.8.0
56 verbose exit 0
57 info ok
